// Jest Snapshot v1, https://goo.gl/fbAQLP

exports[`AddMovie.vue should match snapshot 1`] = `
<div>
  <h1>
    Add Movie to list
  </h1>
   
  <form>
    <!---->
     
    <p>
      <label
        for="movieName"
      >
        Movie Name* 
      </label>
       
      <input
        type="text"
      />
    </p>
     
    <p>
      <label
        for="genre"
      >
        Genre*
      </label>
       
      <select>
        <option>
          Star Wars
        </option>
         
        <option>
          Vanilla Sky
        </option>
         
        <option>
          Atomic Blonde
        </option>
      </select>
    </p>
     
    <p>
      <label
        for="rating"
      >
        Rating* 
      </label>
       
      <input
        max="5"
        min="0"
        type="number"
      />
    </p>
     
    <p>
      <label
        for="website"
      >
        Website 
      </label>
       
      <input
        type="text"
      />
    </p>
     
    <p>
      <input
        type="submit"
        value="Submit"
      />
    </p>
  </form>
</div>
`;
