// Jest Snapshot v1, https://goo.gl/fbAQLP

exports[`ListMovie.vue should match snapshot with empty movies list 1`] = `
<div>
  <ul />
</div>
`;

exports[`ListMovie.vue should match snapshot with movies list 1`] = `
<div>
  <ul>
    <li>
      <p>
        movieName
      </p>
       
      <p>
        genre
      </p>
       
      <p>
        rating/5
      </p>
    </li>
  </ul>
</div>
`;
